{smcl}
{com}{sf}{ul off}{txt}{.-}
      name:  {res}<unnamed>
       {txt}log:  {res}/Users/nii/Documents/APPEConFinal/niiiiiii.smcl
  {txt}log type:  {res}smcl
 {txt}opened on:  {res}30 Apr 2024, 19:53:55

{com}. * Change directory to where the data is stored

.  cd "/Users/nii/Desktop/APPEConFinal"
{res}/Users/nii/Desktop/APPEConFinal

{com}. 
. * Load the dataset

. use File1updated.dta, clear

. 
. 
. * Basic summary statistics for CO2 emissions

. * Create a dummy variable to identify the group exposed to the treatment

. gen treated = (country == 23)

. gen non_treated = (country != 23)

. 
. * Create a dummy variable to indicate the time when the treatment started

. gen time_var = year - 2019

. replace time_var = . if non_treated == 1
{txt}(896 real changes made, 896 to missing)

{com}. 
. 
. 
. * Summary of outcome variable

. bysort treated: sum co2_emission 

{txt}{hline}
-> treated = 0

    Variable {c |}        Obs        Mean    Std. dev.       Min        Max
{hline 13}{c +}{hline 57}
co2_emission {c |}{res}        896    .9801339    1.440385        .04       8.56

{txt}{hline}
-> treated = 1

    Variable {c |}        Obs        Mean    Std. dev.       Min        Max
{hline 13}{c +}{hline 57}
co2_emission {c |}{res}         32    8.491563    .6601471       7.09       9.95


{com}. 
. 
. 
. * Testing the parallel trend assumption graphically

. 
. * using eventdd

. eventdd co2_emission i.country i.year, timevar(time_var ) vce(cluster country) graph_op(ytitle("CO2 Emission Over Time"))
{res}
{txt}Linear regression                               Number of obs     = {res}       928
                                                {txt}{help j_robustsingular:F(26, 28) }        =  {res}        .
                                                {txt}Prob > F          = {res}         .
                                                {txt}R-squared         = {res}    0.9262
                                                {txt}Root MSE          =    {res} .56442

{txt}{ralign 84:(Std. err. adjusted for {res:29} clusters in {res:country})}
{hline 19}{c TT}{hline 11}{hline 11}{hline 9}{hline 8}{hline 13}{hline 12}
{col 20}{c |}{col 32}    Robust
{col 1}      co2_emission{col 20}{c |} Coefficient{col 32}  std. err.{col 44}      t{col 52}   P>|t|{col 60}     [95% con{col 73}f. interval]
{hline 19}{c +}{hline 11}{hline 11}{hline 9}{hline 8}{hline 13}{hline 12}
{space 11}country {c |}
{space 12}Benin  {c |}{col 20}{res}{space 2}-.4596875{col 32}{space 2} 6.82e-15{col 43}{space 1}-6.7e+13{col 52}{space 3}0.000{col 60}{space 4}-.4596875{col 73}{space 3}-.4596875
{txt}{space 9}Botswana  {c |}{col 20}{res}{space 2} 1.531875{col 32}{space 2} 6.82e-15{col 43}{space 1} 2.2e+14{col 52}{space 3}0.000{col 60}{space 4} 1.531875{col 73}{space 3} 1.531875
{txt}{space 5}Burkina Faso  {c |}{col 20}{res}{space 2}   -.6975{col 32}{space 2} 6.82e-15{col 43}{space 1}-1.0e+14{col 52}{space 3}0.000{col 60}{space 4}   -.6975{col 73}{space 3}   -.6975
{txt}{space 9}Cameroon  {c |}{col 20}{res}{space 2}   -.4725{col 32}{space 2} 6.82e-15{col 43}{space 1}-6.9e+13{col 52}{space 3}0.000{col 60}{space 4}   -.4725{col 73}{space 3}   -.4725
{txt}{space 4}Cote d'Ivoire  {c |}{col 20}{res}{space 2}-.4303125{col 32}{space 2} 6.82e-15{col 43}{space 1}-6.3e+13{col 52}{space 3}0.000{col 60}{space 4}-.4303125{col 73}{space 3}-.4303125
{txt}Equatorial Guinea  {c |}{col 20}{res}{space 2}    3.885{col 32}{space 2} 6.88e-15{col 43}{space 1} 5.6e+14{col 52}{space 3}0.000{col 60}{space 4}    3.885{col 73}{space 3}    3.885
{txt}{space 9}Ethiopia  {c |}{col 20}{res}{space 2}   -.7425{col 32}{space 2} 6.82e-15{col 43}{space 1}-1.1e+14{col 52}{space 3}0.000{col 60}{space 4}   -.7425{col 73}{space 3}   -.7425
{txt}{space 12}Gabon  {c |}{col 20}{res}{space 2} 3.205937{col 32}{space 2} 6.82e-15{col 43}{space 1} 4.7e+14{col 52}{space 3}0.000{col 60}{space 4} 3.205937{col 73}{space 3} 3.205938
{txt}{space 12}Ghana  {c |}{col 20}{res}{space 2}-.4553125{col 32}{space 2} 6.82e-15{col 43}{space 1}-6.7e+13{col 52}{space 3}0.000{col 60}{space 4}-.4553125{col 73}{space 3}-.4553125
{txt}{space 11}Guinea  {c |}{col 20}{res}{space 2} -.616875{col 32}{space 2} 6.82e-15{col 43}{space 1}-9.0e+13{col 52}{space 3}0.000{col 60}{space 4} -.616875{col 73}{space 3} -.616875
{txt}{space 12}Kenya  {c |}{col 20}{res}{space 2} -.533125{col 32}{space 2} 6.82e-15{col 43}{space 1}-7.8e+13{col 52}{space 3}0.000{col 60}{space 4} -.533125{col 73}{space 3} -.533125
{txt}{space 10}Lesotho  {c |}{col 20}{res}{space 2}  .211875{col 32}{space 2} 6.82e-15{col 43}{space 1} 3.1e+13{col 52}{space 3}0.000{col 60}{space 4}  .211875{col 73}{space 3}  .211875
{txt}{space 7}Madagascar  {c |}{col 20}{res}{space 2}   -.7175{col 32}{space 2} 6.82e-15{col 43}{space 1}-1.1e+14{col 52}{space 3}0.000{col 60}{space 4}   -.7175{col 73}{space 3}   -.7175
{txt}{space 13}Mali  {c |}{col 20}{res}{space 2}  -.68625{col 32}{space 2} 6.82e-15{col 43}{space 1}-1.0e+14{col 52}{space 3}0.000{col 60}{space 4}  -.68625{col 73}{space 3}  -.68625
{txt}{space 7}Mauritania  {c |}{col 20}{res}{space 2} -.265625{col 32}{space 2} 6.82e-15{col 43}{space 1}-3.9e+13{col 52}{space 3}0.000{col 60}{space 4} -.265625{col 73}{space 3} -.265625
{txt}{space 8}Mauritius  {c |}{col 20}{res}{space 2}   1.7625{col 32}{space 2} 6.82e-15{col 43}{space 1} 2.6e+14{col 52}{space 3}0.000{col 60}{space 4}   1.7625{col 73}{space 3}   1.7625
{txt}{space 7}Mozambique  {c |}{col 20}{res}{space 2} -.696875{col 32}{space 2} 6.82e-15{col 43}{space 1}-1.0e+14{col 52}{space 3}0.000{col 60}{space 4} -.696875{col 73}{space 3} -.696875
{txt}{space 10}Nigeria  {c |}{col 20}{res}{space 2}-.1728125{col 32}{space 2} 6.82e-15{col 43}{space 1}-2.5e+13{col 52}{space 3}0.000{col 60}{space 4}-.1728125{col 73}{space 3}-.1728125
{txt}Republic of Congo  {c |}{col 20}{res}{space 2}    .2975{col 32}{space 2} 6.82e-15{col 43}{space 1} 4.4e+13{col 52}{space 3}0.000{col 60}{space 4}    .2975{col 73}{space 3}    .2975
{txt}{space 10}Senegal  {c |}{col 20}{res}{space 2}-.3221875{col 32}{space 2} 6.82e-15{col 43}{space 1}-4.7e+13{col 52}{space 3}0.000{col 60}{space 4}-.3221875{col 73}{space 3}-.3221875
{txt}{space 7}Seychelles  {c |}{col 20}{res}{space 2} 3.545625{col 32}{space 2} 6.82e-15{col 43}{space 1} 5.2e+14{col 52}{space 3}0.000{col 60}{space 4} 3.545625{col 73}{space 3} 3.545625
{txt}{space 5}South Africa  {c |}{col 20}{res}{space 2} 6.566384{col 32}{space 2} .1028638{col 43}{space 1}   63.84{col 52}{space 3}0.000{col 60}{space 4} 6.355677{col 73}{space 3} 6.777091
{txt}{space 12}Sudan  {c |}{col 20}{res}{space 2}  -.48875{col 32}{space 2} 6.82e-15{col 43}{space 1}-7.2e+13{col 52}{space 3}0.000{col 60}{space 4}  -.48875{col 73}{space 3}  -.48875
{txt}{space 9}Tanzania  {c |}{col 20}{res}{space 2} -.688125{col 32}{space 2} 6.82e-15{col 43}{space 1}-1.0e+14{col 52}{space 3}0.000{col 60}{space 4} -.688125{col 73}{space 3} -.688125
{txt}{space 13}Togo  {c |}{col 20}{res}{space 2} -.538125{col 32}{space 2} 6.82e-15{col 43}{space 1}-7.9e+13{col 52}{space 3}0.000{col 60}{space 4} -.538125{col 73}{space 3} -.538125
{txt}{space 11}Uganda  {c |}{col 20}{res}{space 2}    -.745{col 32}{space 2} 6.82e-15{col 43}{space 1}-1.1e+14{col 52}{space 3}0.000{col 60}{space 4}    -.745{col 73}{space 3}    -.745
{txt}{space 11}Zambia  {c |}{col 20}{res}{space 2} -.556875{col 32}{space 2} 6.82e-15{col 43}{space 1}-8.2e+13{col 52}{space 3}0.000{col 60}{space 4} -.556875{col 73}{space 3} -.556875
{txt}{space 9}Zimbabwe  {c |}{col 20}{res}{space 2}  .154375{col 32}{space 2} 6.82e-15{col 43}{space 1} 2.3e+13{col 52}{space 3}0.000{col 60}{space 4}  .154375{col 73}{space 3}  .154375
{txt}{space 18} {c |}
{space 14}year {c |}
{space 13}1991  {c |}{col 20}{res}{space 2} .0014286{col 32}{space 2} .0127176{col 43}{space 1}    0.11{col 52}{space 3}0.911{col 60}{space 4}-.0246222{col 73}{space 3} .0274794
{txt}{space 13}1992  {c |}{col 20}{res}{space 2} .0196429{col 32}{space 2} .0154665{col 43}{space 1}    1.27{col 52}{space 3}0.215{col 60}{space 4}-.0120389{col 73}{space 3} .0513246
{txt}{space 13}1993  {c |}{col 20}{res}{space 2} .0310714{col 32}{space 2}  .018765{col 43}{space 1}    1.66{col 52}{space 3}0.109{col 60}{space 4}-.0073669{col 73}{space 3} .0695098
{txt}{space 13}1994  {c |}{col 20}{res}{space 2} .1496429{col 32}{space 2} .0941301{col 43}{space 1}    1.59{col 52}{space 3}0.123{col 60}{space 4}-.0431738{col 73}{space 3} .3424595
{txt}{space 13}1995  {c |}{col 20}{res}{space 2} .1692857{col 32}{space 2} .0928143{col 43}{space 1}    1.82{col 52}{space 3}0.079{col 60}{space 4}-.0208358{col 73}{space 3} .3594073
{txt}{space 13}1996  {c |}{col 20}{res}{space 2} .2285714{col 32}{space 2} .1069456{col 43}{space 1}    2.14{col 52}{space 3}0.041{col 60}{space 4} .0095032{col 73}{space 3} .4476397
{txt}{space 13}1997  {c |}{col 20}{res}{space 2} .2660714{col 32}{space 2} .1478292{col 43}{space 1}    1.80{col 52}{space 3}0.083{col 60}{space 4}-.0367429{col 73}{space 3} .5688858
{txt}{space 13}1998  {c |}{col 20}{res}{space 2} .3096429{col 32}{space 2} .1608271{col 43}{space 1}    1.93{col 52}{space 3}0.064{col 60}{space 4}-.0197966{col 73}{space 3} .6390823
{txt}{space 13}1999  {c |}{col 20}{res}{space 2} .3103571{col 32}{space 2} .1678551{col 43}{space 1}    1.85{col 52}{space 3}0.075{col 60}{space 4}-.0334784{col 73}{space 3} .6541927
{txt}{space 13}2000  {c |}{col 20}{res}{space 2} .3307143{col 32}{space 2} .1744247{col 43}{space 1}    1.90{col 52}{space 3}0.068{col 60}{space 4}-.0265785{col 73}{space 3} .6880071
{txt}{space 13}2001  {c |}{col 20}{res}{space 2} .3657143{col 32}{space 2} .1943454{col 43}{space 1}    1.88{col 52}{space 3}0.070{col 60}{space 4}-.0323842{col 73}{space 3} .7638127
{txt}{space 13}2002  {c |}{col 20}{res}{space 2} .3071429{col 32}{space 2} .1691803{col 43}{space 1}    1.82{col 52}{space 3}0.080{col 60}{space 4}-.0394073{col 73}{space 3}  .653693
{txt}{space 13}2003  {c |}{col 20}{res}{space 2} .3367857{col 32}{space 2} .1823968{col 43}{space 1}    1.85{col 52}{space 3}0.075{col 60}{space 4}-.0368372{col 73}{space 3} .7104086
{txt}{space 13}2004  {c |}{col 20}{res}{space 2} .4817857{col 32}{space 2} .3251789{col 43}{space 1}    1.48{col 52}{space 3}0.150{col 60}{space 4}-.1843131{col 73}{space 3} 1.147884
{txt}{space 13}2005  {c |}{col 20}{res}{space 2}    .4825{col 32}{space 2} .3168272{col 43}{space 1}    1.52{col 52}{space 3}0.139{col 60}{space 4}-.1664911{col 73}{space 3} 1.131491
{txt}{space 13}2006  {c |}{col 20}{res}{space 2}    .4575{col 32}{space 2} .3067454{col 43}{space 1}    1.49{col 52}{space 3}0.147{col 60}{space 4}-.1708395{col 73}{space 3}  1.08584
{txt}{space 13}2007  {c |}{col 20}{res}{space 2}    .4175{col 32}{space 2} .2809035{col 43}{space 1}    1.49{col 52}{space 3}0.148{col 60}{space 4}-.1579048{col 73}{space 3} .9929048
{txt}{space 13}2008  {c |}{col 20}{res}{space 2} .4189286{col 32}{space 2} .2790849{col 43}{space 1}    1.50{col 52}{space 3}0.145{col 60}{space 4} -.152751{col 73}{space 3} .9906081
{txt}{space 13}2009  {c |}{col 20}{res}{space 2} .3714286{col 32}{space 2} .2377861{col 43}{space 1}    1.56{col 52}{space 3}0.130{col 60}{space 4}-.1156543{col 73}{space 3} .8585114
{txt}{space 13}2010  {c |}{col 20}{res}{space 2}     .465{col 32}{space 2} .2763581{col 43}{space 1}    1.68{col 52}{space 3}0.104{col 60}{space 4} -.101094{col 73}{space 3} 1.031094
{txt}{space 13}2011  {c |}{col 20}{res}{space 2} .4385714{col 32}{space 2}  .253865{col 43}{space 1}    1.73{col 52}{space 3}0.095{col 60}{space 4}-.0814475{col 73}{space 3} .9585904
{txt}{space 13}2012  {c |}{col 20}{res}{space 2} .4753571{col 32}{space 2} .2734516{col 43}{space 1}    1.74{col 52}{space 3}0.093{col 60}{space 4}-.0847832{col 73}{space 3} 1.035497
{txt}{space 13}2013  {c |}{col 20}{res}{space 2} .5064286{col 32}{space 2} .3019155{col 43}{space 1}    1.68{col 52}{space 3}0.105{col 60}{space 4}-.1120172{col 73}{space 3} 1.124874
{txt}{space 13}2014  {c |}{col 20}{res}{space 2} .5307143{col 32}{space 2} .2806301{col 43}{space 1}    1.89{col 52}{space 3}0.069{col 60}{space 4}-.0441305{col 73}{space 3} 1.105559
{txt}{space 13}2015  {c |}{col 20}{res}{space 2} .4921429{col 32}{space 2} .2581908{col 43}{space 1}    1.91{col 52}{space 3}0.067{col 60}{space 4}-.0367371{col 73}{space 3} 1.021023
{txt}{space 13}2016  {c |}{col 20}{res}{space 2} .5328571{col 32}{space 2} .2746179{col 43}{space 1}    1.94{col 52}{space 3}0.062{col 60}{space 4}-.0296722{col 73}{space 3} 1.095386
{txt}{space 13}2017  {c |}{col 20}{res}{space 2} .5414286{col 32}{space 2} .2844825{col 43}{space 1}    1.90{col 52}{space 3}0.067{col 60}{space 4}-.0413075{col 73}{space 3} 1.124165
{txt}{space 13}2018  {c |}{col 20}{res}{space 2} .4882143{col 32}{space 2} .2490557{col 43}{space 1}    1.96{col 52}{space 3}0.060{col 60}{space 4}-.0219532{col 73}{space 3} .9983817
{txt}{space 13}2019  {c |}{col 20}{res}{space 2} .4357143{col 32}{space 2} .2223219{col 43}{space 1}    1.96{col 52}{space 3}0.060{col 60}{space 4}-.0196916{col 73}{space 3} .8911201
{txt}{space 13}2020  {c |}{col 20}{res}{space 2}      .41{col 32}{space 2} .2282473{col 43}{space 1}    1.80{col 52}{space 3}0.083{col 60}{space 4}-.0575433{col 73}{space 3} .8775433
{txt}{space 13}2021  {c |}{col 20}{res}{space 2}     .455{col 32}{space 2} .2409115{col 43}{space 1}    1.89{col 52}{space 3}0.069{col 60}{space 4}-.0384849{col 73}{space 3} .9484849
{txt}{space 18} {c |}
{space 12}lead29 {c |}{col 20}{res}{space 2} 1.458214{col 32}{space 2} .2490557{col 43}{space 1}    5.85{col 52}{space 3}0.000{col 60}{space 4} .9480468{col 73}{space 3} 1.968382
{txt}{space 12}lead28 {c |}{col 20}{res}{space 2} 1.596786{col 32}{space 2} .2416232{col 43}{space 1}    6.61{col 52}{space 3}0.000{col 60}{space 4} 1.101843{col 73}{space 3} 2.091728
{txt}{space 12}lead27 {c |}{col 20}{res}{space 2} .7285714{col 32}{space 2} .2447934{col 43}{space 1}    2.98{col 52}{space 3}0.006{col 60}{space 4} .2271349{col 73}{space 3} 1.230008
{txt}{space 12}lead26 {c |}{col 20}{res}{space 2} 1.007143{col 32}{space 2} .2398283{col 43}{space 1}    4.20{col 52}{space 3}0.000{col 60}{space 4} .5158769{col 73}{space 3} 1.498409
{txt}{space 12}lead25 {c |}{col 20}{res}{space 2} 1.158571{col 32}{space 2} .1875514{col 43}{space 1}    6.18{col 52}{space 3}0.000{col 60}{space 4} .7743898{col 73}{space 3} 1.542753
{txt}{space 12}lead24 {c |}{col 20}{res}{space 2} 1.518929{col 32}{space 2} .1948971{col 43}{space 1}    7.79{col 52}{space 3}0.000{col 60}{space 4}   1.1197{col 73}{space 3} 1.918157
{txt}{space 12}lead23 {c |}{col 20}{res}{space 2} 1.339643{col 32}{space 2} .1954879{col 43}{space 1}    6.85{col 52}{space 3}0.000{col 60}{space 4} .9392041{col 73}{space 3} 1.740082
{txt}{space 12}lead22 {c |}{col 20}{res}{space 2} 1.652143{col 32}{space 2} .1647839{col 43}{space 1}   10.03{col 52}{space 3}0.000{col 60}{space 4} 1.314598{col 73}{space 3} 1.989687
{txt}{space 12}lead21 {c |}{col 20}{res}{space 2} 1.288571{col 32}{space 2} .1706646{col 43}{space 1}    7.55{col 52}{space 3}0.000{col 60}{space 4} .9389808{col 73}{space 3} 1.638162
{txt}{space 12}lead20 {c |}{col 20}{res}{space 2} 1.107857{col 32}{space 2} .1551548{col 43}{space 1}    7.14{col 52}{space 3}0.000{col 60}{space 4} .7900369{col 73}{space 3} 1.425677
{txt}{space 12}lead19 {c |}{col 20}{res}{space 2}   1.0375{col 32}{space 2} .1449883{col 43}{space 1}    7.16{col 52}{space 3}0.000{col 60}{space 4} .7405048{col 73}{space 3} 1.334495
{txt}{space 12}lead18 {c |}{col 20}{res}{space 2}    .7425{col 32}{space 2} .1405384{col 43}{space 1}    5.28{col 52}{space 3}0.000{col 60}{space 4} .4546201{col 73}{space 3}  1.03038
{txt}{space 12}lead17 {c |}{col 20}{res}{space 2} .3810714{col 32}{space 2} .1318582{col 43}{space 1}    2.89{col 52}{space 3}0.007{col 60}{space 4} .1109722{col 73}{space 3} .6511706
{txt}{space 12}lead16 {c |}{col 20}{res}{space 2} 1.281429{col 32}{space 2} .1392164{col 43}{space 1}    9.20{col 52}{space 3}0.000{col 60}{space 4} .9962567{col 73}{space 3}   1.5666
{txt}{space 12}lead15 {c |}{col 20}{res}{space 2} 1.976429{col 32}{space 2} .1958832{col 43}{space 1}   10.09{col 52}{space 3}0.000{col 60}{space 4}  1.57518{col 73}{space 3} 2.377677
{txt}{space 12}lead14 {c |}{col 20}{res}{space 2} 1.165714{col 32}{space 2} .1805273{col 43}{space 1}    6.46{col 52}{space 3}0.000{col 60}{space 4} .7959208{col 73}{space 3} 1.535508
{txt}{space 12}lead13 {c |}{col 20}{res}{space 2} 1.710714{col 32}{space 2} .1589967{col 43}{space 1}   10.76{col 52}{space 3}0.000{col 60}{space 4} 1.385024{col 73}{space 3} 2.036404
{txt}{space 12}lead12 {c |}{col 20}{res}{space 2} 2.010714{col 32}{space 2}  .122697{col 43}{space 1}   16.39{col 52}{space 3}0.000{col 60}{space 4} 1.759381{col 73}{space 3} 2.262048
{txt}{space 12}lead11 {c |}{col 20}{res}{space 2} 2.489286{col 32}{space 2} .1203054{col 43}{space 1}   20.69{col 52}{space 3}0.000{col 60}{space 4} 2.242851{col 73}{space 3}  2.73572
{txt}{space 12}lead10 {c |}{col 20}{res}{space 2} 2.106786{col 32}{space 2} .0851437{col 43}{space 1}   24.74{col 52}{space 3}0.000{col 60}{space 4} 1.932377{col 73}{space 3} 2.281195
{txt}{space 13}lead9 {c |}{col 20}{res}{space 2} 1.533214{col 32}{space 2} .1150259{col 43}{space 1}   13.33{col 52}{space 3}0.000{col 60}{space 4} 1.297594{col 73}{space 3} 1.768834
{txt}{space 13}lead8 {c |}{col 20}{res}{space 2} 1.479643{col 32}{space 2} .1089674{col 43}{space 1}   13.58{col 52}{space 3}0.000{col 60}{space 4} 1.256433{col 73}{space 3} 1.702852
{txt}{space 13}lead7 {c |}{col 20}{res}{space 2} 1.172857{col 32}{space 2} .1089357{col 43}{space 1}   10.77{col 52}{space 3}0.000{col 60}{space 4} .9497125{col 73}{space 3} 1.396002
{txt}{space 13}lead6 {c |}{col 20}{res}{space 2} .9917857{col 32}{space 2} .1373386{col 43}{space 1}    7.22{col 52}{space 3}0.000{col 60}{space 4} .7104603{col 73}{space 3} 1.273111
{txt}{space 13}lead5 {c |}{col 20}{res}{space 2}   1.0775{col 32}{space 2} .1037484{col 43}{space 1}   10.39{col 52}{space 3}0.000{col 60}{space 4} .8649811{col 73}{space 3} 1.290019
{txt}{space 13}lead4 {c |}{col 20}{res}{space 2} .5260714{col 32}{space 2}  .077818{col 43}{space 1}    6.76{col 52}{space 3}0.000{col 60}{space 4} .3666686{col 73}{space 3} .6854743
{txt}{space 13}lead3 {c |}{col 20}{res}{space 2} .5553571{col 32}{space 2} .0710691{col 43}{space 1}    7.81{col 52}{space 3}0.000{col 60}{space 4} .4097788{col 73}{space 3} .7009355
{txt}{space 13}lead2 {c |}{col 20}{res}{space 2} .1267857{col 32}{space 2} .0640583{col 43}{space 1}    1.98{col 52}{space 3}0.058{col 60}{space 4}-.0044318{col 73}{space 3} .2580032
{txt}{space 14}lag0 {c |}{col 20}{res}{space 2}    .4725{col 32}{space 2}  .047145{col 43}{space 1}   10.02{col 52}{space 3}0.000{col 60}{space 4} .3759278{col 73}{space 3} .5690722
{txt}{space 14}lag1 {c |}{col 20}{res}{space 2}-.1217857{col 32}{space 2} .0484141{col 43}{space 1}   -2.52{col 52}{space 3}0.018{col 60}{space 4}-.2209575{col 73}{space 3}-.0226139
{txt}{space 14}lag2 {c |}{col 20}{res}{space 2}-.4067857{col 32}{space 2} .0469442{col 43}{space 1}   -8.67{col 52}{space 3}0.000{col 60}{space 4}-.5029466{col 73}{space 3}-.3106249
{txt}{space 13}_cons {c |}{col 20}{res}{space 2} .4754018{col 32}{space 2} .1927734{col 43}{space 1}    2.47{col 52}{space 3}0.020{col 60}{space 4} .0805233{col 73}{space 3} .8702803
{txt}{hline 19}{c BT}{hline 11}{hline 11}{hline 9}{hline 8}{hline 13}{hline 12}
{res}
{com}. 
. 
. * Preserve the current state of the dataset for later restoration

. preserve

. 
. * Collapse the data to mean CO2 emissions by year and treatment status

. collapse (mean) co2_emission, by(year treated)
{res}
{com}. 
. 
. * Generate line plots for treated and non-treated groups over time

. twoway (line co2_emission year if treated == 1, sort) (line co2_emission year if treated == 0, sort), ytitle(CO2 Emissions) xtitle(Year) title(Carbon Emission over Time) legend(on order(1 "South Africa" 2 "Other SSA"))
{res}
{com}. 
. * Restore the dataset to the state before collapse

. restore

. 
. * Estimating the DID estimator

. * Generate post-treatment indicator

. gen post_treatment_indicator = (year >= 2019)

. 
. * Generate interaction term for DiD estimation

. gen DiD = post_treatment_indicator*treated

. 
. * Run the regression model with clustered standard errors and focus on the outcome variable

. reg co2_emission i.country i.year DiD, vce(cluster country)

{txt}Linear regression                               Number of obs     = {res}       928
                                                {txt}{help j_robustsingular:F(27, 28) }        =  {res}        .
                                                {txt}Prob > F          = {res}         .
                                                {txt}R-squared         = {res}    0.9236
                                                {txt}Root MSE          =    {res} .56437

{txt}{ralign 84:(Std. err. adjusted for {res:29} clusters in {res:country})}
{hline 19}{c TT}{hline 11}{hline 11}{hline 9}{hline 8}{hline 13}{hline 12}
{col 20}{c |}{col 32}    Robust
{col 1}      co2_emission{col 20}{c |} Coefficient{col 32}  std. err.{col 44}      t{col 52}   P>|t|{col 60}     [95% con{col 73}f. interval]
{hline 19}{c +}{hline 11}{hline 11}{hline 9}{hline 8}{hline 13}{hline 12}
{space 11}country {c |}
{space 12}Benin  {c |}{col 20}{res}{space 2}-.4596875{col 32}{space 2} 7.67e-15{col 43}{space 1}-6.0e+13{col 52}{space 3}0.000{col 60}{space 4}-.4596875{col 73}{space 3}-.4596875
{txt}{space 9}Botswana  {c |}{col 20}{res}{space 2} 1.531875{col 32}{space 2} 7.67e-15{col 43}{space 1} 2.0e+14{col 52}{space 3}0.000{col 60}{space 4} 1.531875{col 73}{space 3} 1.531875
{txt}{space 5}Burkina Faso  {c |}{col 20}{res}{space 2}   -.6975{col 32}{space 2} 7.67e-15{col 43}{space 1}-9.1e+13{col 52}{space 3}0.000{col 60}{space 4}   -.6975{col 73}{space 3}   -.6975
{txt}{space 9}Cameroon  {c |}{col 20}{res}{space 2}   -.4725{col 32}{space 2} 7.67e-15{col 43}{space 1}-6.2e+13{col 52}{space 3}0.000{col 60}{space 4}   -.4725{col 73}{space 3}   -.4725
{txt}{space 4}Cote d'Ivoire  {c |}{col 20}{res}{space 2}-.4303125{col 32}{space 2} 7.67e-15{col 43}{space 1}-5.6e+13{col 52}{space 3}0.000{col 60}{space 4}-.4303125{col 73}{space 3}-.4303125
{txt}Equatorial Guinea  {c |}{col 20}{res}{space 2}    3.885{col 32}{space 2} 7.73e-15{col 43}{space 1} 5.0e+14{col 52}{space 3}0.000{col 60}{space 4}    3.885{col 73}{space 3}    3.885
{txt}{space 9}Ethiopia  {c |}{col 20}{res}{space 2}   -.7425{col 32}{space 2} 7.67e-15{col 43}{space 1}-9.7e+13{col 52}{space 3}0.000{col 60}{space 4}   -.7425{col 73}{space 3}   -.7425
{txt}{space 12}Gabon  {c |}{col 20}{res}{space 2} 3.205937{col 32}{space 2} 7.67e-15{col 43}{space 1} 4.2e+14{col 52}{space 3}0.000{col 60}{space 4} 3.205937{col 73}{space 3} 3.205938
{txt}{space 12}Ghana  {c |}{col 20}{res}{space 2}-.4553125{col 32}{space 2} 7.67e-15{col 43}{space 1}-5.9e+13{col 52}{space 3}0.000{col 60}{space 4}-.4553125{col 73}{space 3}-.4553125
{txt}{space 11}Guinea  {c |}{col 20}{res}{space 2} -.616875{col 32}{space 2} 7.67e-15{col 43}{space 1}-8.0e+13{col 52}{space 3}0.000{col 60}{space 4} -.616875{col 73}{space 3} -.616875
{txt}{space 12}Kenya  {c |}{col 20}{res}{space 2} -.533125{col 32}{space 2} 7.67e-15{col 43}{space 1}-7.0e+13{col 52}{space 3}0.000{col 60}{space 4} -.533125{col 73}{space 3} -.533125
{txt}{space 10}Lesotho  {c |}{col 20}{res}{space 2}  .211875{col 32}{space 2} 7.67e-15{col 43}{space 1} 2.8e+13{col 52}{space 3}0.000{col 60}{space 4}  .211875{col 73}{space 3}  .211875
{txt}{space 7}Madagascar  {c |}{col 20}{res}{space 2}   -.7175{col 32}{space 2} 7.67e-15{col 43}{space 1}-9.4e+13{col 52}{space 3}0.000{col 60}{space 4}   -.7175{col 73}{space 3}   -.7175
{txt}{space 13}Mali  {c |}{col 20}{res}{space 2}  -.68625{col 32}{space 2} 7.67e-15{col 43}{space 1}-8.9e+13{col 52}{space 3}0.000{col 60}{space 4}  -.68625{col 73}{space 3}  -.68625
{txt}{space 7}Mauritania  {c |}{col 20}{res}{space 2} -.265625{col 32}{space 2} 7.67e-15{col 43}{space 1}-3.5e+13{col 52}{space 3}0.000{col 60}{space 4} -.265625{col 73}{space 3} -.265625
{txt}{space 8}Mauritius  {c |}{col 20}{res}{space 2}   1.7625{col 32}{space 2} 7.67e-15{col 43}{space 1} 2.3e+14{col 52}{space 3}0.000{col 60}{space 4}   1.7625{col 73}{space 3}   1.7625
{txt}{space 7}Mozambique  {c |}{col 20}{res}{space 2} -.696875{col 32}{space 2} 7.67e-15{col 43}{space 1}-9.1e+13{col 52}{space 3}0.000{col 60}{space 4} -.696875{col 73}{space 3} -.696875
{txt}{space 10}Nigeria  {c |}{col 20}{res}{space 2}-.1728125{col 32}{space 2} 7.67e-15{col 43}{space 1}-2.3e+13{col 52}{space 3}0.000{col 60}{space 4}-.1728125{col 73}{space 3}-.1728125
{txt}Republic of Congo  {c |}{col 20}{res}{space 2}    .2975{col 32}{space 2} 7.67e-15{col 43}{space 1} 3.9e+13{col 52}{space 3}0.000{col 60}{space 4}    .2975{col 73}{space 3}    .2975
{txt}{space 10}Senegal  {c |}{col 20}{res}{space 2}-.3221875{col 32}{space 2} 7.67e-15{col 43}{space 1}-4.2e+13{col 52}{space 3}0.000{col 60}{space 4}-.3221875{col 73}{space 3}-.3221875
{txt}{space 7}Seychelles  {c |}{col 20}{res}{space 2} 3.545625{col 32}{space 2} 7.68e-15{col 43}{space 1} 4.6e+14{col 52}{space 3}0.000{col 60}{space 4} 3.545625{col 73}{space 3} 3.545625
{txt}{space 5}South Africa  {c |}{col 20}{res}{space 2} 7.780928{col 32}{space 2} .0109008{col 43}{space 1}  713.79{col 52}{space 3}0.000{col 60}{space 4} 7.758599{col 73}{space 3} 7.803258
{txt}{space 12}Sudan  {c |}{col 20}{res}{space 2}  -.48875{col 32}{space 2} 7.67e-15{col 43}{space 1}-6.4e+13{col 52}{space 3}0.000{col 60}{space 4}  -.48875{col 73}{space 3}  -.48875
{txt}{space 9}Tanzania  {c |}{col 20}{res}{space 2} -.688125{col 32}{space 2} 7.67e-15{col 43}{space 1}-9.0e+13{col 52}{space 3}0.000{col 60}{space 4} -.688125{col 73}{space 3} -.688125
{txt}{space 13}Togo  {c |}{col 20}{res}{space 2} -.538125{col 32}{space 2} 7.67e-15{col 43}{space 1}-7.0e+13{col 52}{space 3}0.000{col 60}{space 4} -.538125{col 73}{space 3} -.538125
{txt}{space 11}Uganda  {c |}{col 20}{res}{space 2}    -.745{col 32}{space 2} 7.67e-15{col 43}{space 1}-9.7e+13{col 52}{space 3}0.000{col 60}{space 4}    -.745{col 73}{space 3}    -.745
{txt}{space 11}Zambia  {c |}{col 20}{res}{space 2} -.556875{col 32}{space 2} 7.68e-15{col 43}{space 1}-7.3e+13{col 52}{space 3}0.000{col 60}{space 4} -.556875{col 73}{space 3} -.556875
{txt}{space 9}Zimbabwe  {c |}{col 20}{res}{space 2}  .154375{col 32}{space 2} 7.67e-15{col 43}{space 1} 2.0e+13{col 52}{space 3}0.000{col 60}{space 4}  .154375{col 73}{space 3}  .154375
{txt}{space 18} {c |}
{space 14}year {c |}
{space 13}1991  {c |}{col 20}{res}{space 2} .0062069{col 32}{space 2} .0130373{col 43}{space 1}    0.48{col 52}{space 3}0.638{col 60}{space 4}-.0204987{col 73}{space 3} .0329125
{txt}{space 13}1992  {c |}{col 20}{res}{space 2}-.0055172{col 32}{space 2} .0298684{col 43}{space 1}   -0.18{col 52}{space 3}0.855{col 60}{space 4}   -.0667{col 73}{space 3} .0556655
{txt}{space 13}1993  {c |}{col 20}{res}{space 2} .0155172{col 32}{space 2} .0239912{col 43}{space 1}    0.65{col 52}{space 3}0.523{col 60}{space 4}-.0336264{col 73}{space 3} .0646609
{txt}{space 13}1994  {c |}{col 20}{res}{space 2} .1393103{col 32}{space 2} .0899348{col 43}{space 1}    1.55{col 52}{space 3}0.133{col 60}{space 4}-.0449128{col 73}{space 3} .3235335
{txt}{space 13}1995  {c |}{col 20}{res}{space 2} .1713793{col 32}{space 2} .0880764{col 43}{space 1}    1.95{col 52}{space 3}0.062{col 60}{space 4} -.009037{col 73}{space 3} .3517956
{txt}{space 13}1996  {c |}{col 20}{res}{space 2} .2244828{col 32}{space 2} .1015437{col 43}{space 1}    2.21{col 52}{space 3}0.035{col 60}{space 4} .0164799{col 73}{space 3} .4324856
{txt}{space 13}1997  {c |}{col 20}{res}{space 2} .2727586{col 32}{space 2} .1404108{col 43}{space 1}    1.94{col 52}{space 3}0.062{col 60}{space 4}-.0148599{col 73}{space 3} .5603772
{txt}{space 13}1998  {c |}{col 20}{res}{space 2} .3037931{col 32}{space 2}  .152691{col 43}{space 1}    1.99{col 52}{space 3}0.056{col 60}{space 4}-.0089803{col 73}{space 3} .6165665
{txt}{space 13}1999  {c |}{col 20}{res}{space 2} .2982759{col 32}{space 2} .1597276{col 43}{space 1}    1.87{col 52}{space 3}0.072{col 60}{space 4}-.0289113{col 73}{space 3} .6254631
{txt}{space 13}2000  {c |}{col 20}{res}{space 2} .3162069{col 32}{space 2} .1661493{col 43}{space 1}    1.90{col 52}{space 3}0.067{col 60}{space 4}-.0241345{col 73}{space 3} .6565483
{txt}{space 13}2001  {c |}{col 20}{res}{space 2} .3410345{col 32}{space 2} .1861266{col 43}{space 1}    1.83{col 52}{space 3}0.078{col 60}{space 4}-.0402285{col 73}{space 3} .7222975
{txt}{space 13}2002  {c |}{col 20}{res}{space 2}      .27{col 32}{space 2} .1650269{col 43}{space 1}    1.64{col 52}{space 3}0.113{col 60}{space 4}-.0680424{col 73}{space 3} .6080424
{txt}{space 13}2003  {c |}{col 20}{res}{space 2} .3306897{col 32}{space 2} .1731484{col 43}{space 1}    1.91{col 52}{space 3}0.066{col 60}{space 4}-.0239887{col 73}{space 3}  .685368
{txt}{space 13}2004  {c |}{col 20}{res}{space 2} .4996552{col 32}{space 2}  .309039{col 43}{space 1}    1.62{col 52}{space 3}0.117{col 60}{space 4}-.1333824{col 73}{space 3} 1.132693
{txt}{space 13}2005  {c |}{col 20}{res}{space 2} .4724138{col 32}{space 2}  .300744{col 43}{space 1}    1.57{col 52}{space 3}0.127{col 60}{space 4}-.1436323{col 73}{space 3}  1.08846
{txt}{space 13}2006  {c |}{col 20}{res}{space 2} .4662069{col 32}{space 2} .2911381{col 43}{space 1}    1.60{col 52}{space 3}0.121{col 60}{space 4}-.1301625{col 73}{space 3} 1.062576
{txt}{space 13}2007  {c |}{col 20}{res}{space 2} .4365517{col 32}{space 2} .2672107{col 43}{space 1}    1.63{col 52}{space 3}0.114{col 60}{space 4}-.1108047{col 73}{space 3} .9839081
{txt}{space 13}2008  {c |}{col 20}{res}{space 2} .4544828{col 32}{space 2} .2672986{col 43}{space 1}    1.70{col 52}{space 3}0.100{col 60}{space 4}-.0930536{col 73}{space 3} 1.002019
{txt}{space 13}2009  {c |}{col 20}{res}{space 2} .3937931{col 32}{space 2} .2267618{col 43}{space 1}    1.74{col 52}{space 3}0.093{col 60}{space 4}-.0707075{col 73}{space 3} .8582937
{txt}{space 13}2010  {c |}{col 20}{res}{space 2} .4675862{col 32}{space 2} .2621851{col 43}{space 1}    1.78{col 52}{space 3}0.085{col 60}{space 4}-.0694757{col 73}{space 3} 1.004648
{txt}{space 13}2011  {c |}{col 20}{res}{space 2} .4393103{col 32}{space 2} .2408343{col 43}{space 1}    1.82{col 52}{space 3}0.079{col 60}{space 4}-.0540163{col 73}{space 3}  .932637
{txt}{space 13}2012  {c |}{col 20}{res}{space 2} .4655172{col 32}{space 2} .2596137{col 43}{space 1}    1.79{col 52}{space 3}0.084{col 60}{space 4}-.0662772{col 73}{space 3} .9973117
{txt}{space 13}2013  {c |}{col 20}{res}{space 2} .4903448{col 32}{space 2} .2868993{col 43}{space 1}    1.71{col 52}{space 3}0.098{col 60}{space 4}-.0973417{col 73}{space 3} 1.078031
{txt}{space 13}2014  {c |}{col 20}{res}{space 2} .5175862{col 32}{space 2}   .26657{col 43}{space 1}    1.94{col 52}{space 3}0.062{col 60}{space 4}-.0284578{col 73}{space 3}  1.06363
{txt}{space 13}2015  {c |}{col 20}{res}{space 2}      .46{col 32}{space 2} .2471815{col 43}{space 1}    1.86{col 52}{space 3}0.073{col 60}{space 4}-.0463284{col 73}{space 3} .9663284
{txt}{space 13}2016  {c |}{col 20}{res}{space 2} .5017241{col 32}{space 2} .2625021{col 43}{space 1}    1.91{col 52}{space 3}0.066{col 60}{space 4}-.0359869{col 73}{space 3} 1.039435
{txt}{space 13}2017  {c |}{col 20}{res}{space 2} .4955172{col 32}{space 2} .2740225{col 43}{space 1}    1.81{col 52}{space 3}0.081{col 60}{space 4}-.0657923{col 73}{space 3} 1.056827
{txt}{space 13}2018  {c |}{col 20}{res}{space 2}  .437931{col 32}{space 2} .2419239{col 43}{space 1}    1.81{col 52}{space 3}0.081{col 60}{space 4}-.0576276{col 73}{space 3} .9334897
{txt}{space 13}2019  {c |}{col 20}{res}{space 2} .4442495{col 32}{space 2}  .213446{col 43}{space 1}    2.08{col 52}{space 3}0.047{col 60}{space 4} .0070252{col 73}{space 3} .8814738
{txt}{space 13}2020  {c |}{col 20}{res}{space 2} .3980426{col 32}{space 2} .2189561{col 43}{space 1}    1.82{col 52}{space 3}0.080{col 60}{space 4}-.0504687{col 73}{space 3} .8465538
{txt}{space 13}2021  {c |}{col 20}{res}{space 2}  .433215{col 32}{space 2} .2318972{col 43}{space 1}    1.87{col 52}{space 3}0.072{col 60}{space 4} -.041805{col 73}{space 3} .9082349
{txt}{space 18} {c |}
{space 15}DiD {c |}{col 20}{res}{space 2}-1.233235{col 32}{space 2} .1162754{col 43}{space 1}  -10.61{col 52}{space 3}0.000{col 60}{space 4}-1.471414{col 73}{space 3}-.9950554
{txt}{space 13}_cons {c |}{col 20}{res}{space 2} .4838042{col 32}{space 2}  .183122{col 43}{space 1}    2.64{col 52}{space 3}0.013{col 60}{space 4} .1086958{col 73}{space 3} .8589125
{txt}{hline 19}{c BT}{hline 11}{hline 11}{hline 9}{hline 8}{hline 13}{hline 12}
{res}
{com}. 
. * Run the regression model with clustered standard errors including control variables

. reg co2_emission i.country i.year DiD gdp_growth pop_growth , vce(cluster country)

{txt}Linear regression                               Number of obs     = {res}       928
                                                {txt}{help j_robustsingular:F(27, 28) }        =  {res}        .
                                                {txt}Prob > F          = {res}         .
                                                {txt}R-squared         = {res}    0.9249
                                                {txt}Root MSE          =    {res} .55998

{txt}{ralign 84:(Std. err. adjusted for {res:29} clusters in {res:country})}
{hline 19}{c TT}{hline 11}{hline 11}{hline 9}{hline 8}{hline 13}{hline 12}
{col 20}{c |}{col 32}    Robust
{col 1}      co2_emission{col 20}{c |} Coefficient{col 32}  std. err.{col 44}      t{col 52}   P>|t|{col 60}     [95% con{col 73}f. interval]
{hline 19}{c +}{hline 11}{hline 11}{hline 9}{hline 8}{hline 13}{hline 12}
{space 11}country {c |}
{space 12}Benin  {c |}{col 20}{res}{space 2} -.415916{col 32}{space 2} .0636682{col 43}{space 1}   -6.53{col 52}{space 3}0.000{col 60}{space 4}-.5463344{col 73}{space 3}-.2854977
{txt}{space 9}Botswana  {c |}{col 20}{res}{space 2} 1.630999{col 32}{space 2} .1771022{col 43}{space 1}    9.21{col 52}{space 3}0.000{col 60}{space 4} 1.268222{col 73}{space 3} 1.993777
{txt}{space 5}Burkina Faso  {c |}{col 20}{res}{space 2}-.6355073{col 32}{space 2} .0861254{col 43}{space 1}   -7.38{col 52}{space 3}0.000{col 60}{space 4}-.8119273{col 73}{space 3}-.4590874
{txt}{space 9}Cameroon  {c |}{col 20}{res}{space 2}-.4337336{col 32}{space 2} .0855264{col 43}{space 1}   -5.07{col 52}{space 3}0.000{col 60}{space 4}-.6089264{col 73}{space 3}-.2585408
{txt}{space 4}Cote d'Ivoire  {c |}{col 20}{res}{space 2}-.3806929{col 32}{space 2} .0965002{col 43}{space 1}   -3.94{col 52}{space 3}0.000{col 60}{space 4}-.5783647{col 73}{space 3}-.1830211
{txt}Equatorial Guinea  {c |}{col 20}{res}{space 2}   3.9667{col 32}{space 2} .0553119{col 43}{space 1}   71.72{col 52}{space 3}0.000{col 60}{space 4} 3.853399{col 73}{space 3} 4.080001
{txt}{space 9}Ethiopia  {c |}{col 20}{res}{space 2}-.6774178{col 32}{space 2} .0696209{col 43}{space 1}   -9.73{col 52}{space 3}0.000{col 60}{space 4}-.8200298{col 73}{space 3}-.5348058
{txt}{space 12}Gabon  {c |}{col 20}{res}{space 2} 3.239407{col 32}{space 2} .0850974{col 43}{space 1}   38.07{col 52}{space 3}0.000{col 60}{space 4} 3.065093{col 73}{space 3} 3.413721
{txt}{space 12}Ghana  {c |}{col 20}{res}{space 2}-.3643877{col 32}{space 2} .1409821{col 43}{space 1}   -2.58{col 52}{space 3}0.015{col 60}{space 4}-.6531766{col 73}{space 3}-.0755989
{txt}{space 11}Guinea  {c |}{col 20}{res}{space 2}-.5378688{col 32}{space 2} .1341623{col 43}{space 1}   -4.01{col 52}{space 3}0.000{col 60}{space 4}-.8126878{col 73}{space 3}-.2630498
{txt}{space 12}Kenya  {c |}{col 20}{res}{space 2}-.4778807{col 32}{space 2}  .102383{col 43}{space 1}   -4.67{col 52}{space 3}0.000{col 60}{space 4}-.6876027{col 73}{space 3}-.2681587
{txt}{space 10}Lesotho  {c |}{col 20}{res}{space 2} .3982807{col 32}{space 2} .3571581{col 43}{space 1}    1.12{col 52}{space 3}0.274{col 60}{space 4}-.3333246{col 73}{space 3} 1.129886
{txt}{space 7}Madagascar  {c |}{col 20}{res}{space 2}-.6878228{col 32}{space 2} .0754331{col 43}{space 1}   -9.12{col 52}{space 3}0.000{col 60}{space 4}-.8423405{col 73}{space 3}-.5333051
{txt}{space 13}Mali  {c |}{col 20}{res}{space 2}-.6362168{col 32}{space 2} .0815512{col 43}{space 1}   -7.80{col 52}{space 3}0.000{col 60}{space 4}-.8032669{col 73}{space 3}-.4691666
{txt}{space 7}Mauritania  {c |}{col 20}{res}{space 2}-.2156948{col 32}{space 2} .1022722{col 43}{space 1}   -2.11{col 52}{space 3}0.044{col 60}{space 4}-.4251899{col 73}{space 3}-.0061997
{txt}{space 8}Mauritius  {c |}{col 20}{res}{space 2} 1.975185{col 32}{space 2} .3888829{col 43}{space 1}    5.08{col 52}{space 3}0.000{col 60}{space 4} 1.178595{col 73}{space 3} 2.771776
{txt}{space 7}Mozambique  {c |}{col 20}{res}{space 2} -.624591{col 32}{space 2} .0935755{col 43}{space 1}   -6.67{col 52}{space 3}0.000{col 60}{space 4}-.8162718{col 73}{space 3}-.4329103
{txt}{space 10}Nigeria  {c |}{col 20}{res}{space 2}-.1039927{col 32}{space 2} .1160851{col 43}{space 1}   -0.90{col 52}{space 3}0.378{col 60}{space 4}-.3417824{col 73}{space 3} .1337969
{txt}Republic of Congo  {c |}{col 20}{res}{space 2} .3223239{col 32}{space 2} .0728755{col 43}{space 1}    4.42{col 52}{space 3}0.000{col 60}{space 4} .1730453{col 73}{space 3} .4716026
{txt}{space 10}Senegal  {c |}{col 20}{res}{space 2}-.2601379{col 32}{space 2} .1138772{col 43}{space 1}   -2.28{col 52}{space 3}0.030{col 60}{space 4}-.4934047{col 73}{space 3}-.0268711
{txt}{space 7}Seychelles  {c |}{col 20}{res}{space 2}   3.7131{col 32}{space 2} .3136439{col 43}{space 1}   11.84{col 52}{space 3}0.000{col 60}{space 4} 3.070629{col 73}{space 3}  4.35557
{txt}{space 5}South Africa  {c |}{col 20}{res}{space 2} 7.919994{col 32}{space 2} .2769681{col 43}{space 1}   28.60{col 52}{space 3}0.000{col 60}{space 4}  7.35265{col 73}{space 3} 8.487337
{txt}{space 12}Sudan  {c |}{col 20}{res}{space 2}-.4260027{col 32}{space 2}  .130696{col 43}{space 1}   -3.26{col 52}{space 3}0.003{col 60}{space 4}-.6937214{col 73}{space 3}-.1582841
{txt}{space 9}Tanzania  {c |}{col 20}{res}{space 2}-.6290049{col 32}{space 2} .0844314{col 43}{space 1}   -7.45{col 52}{space 3}0.000{col 60}{space 4}-.8019547{col 73}{space 3}-.4560551
{txt}{space 13}Togo  {c |}{col 20}{res}{space 2}-.4798945{col 32}{space 2} .1142991{col 43}{space 1}   -4.20{col 52}{space 3}0.000{col 60}{space 4}-.7140256{col 73}{space 3}-.2457635
{txt}{space 11}Uganda  {c |}{col 20}{res}{space 2}-.6929744{col 32}{space 2} .0541469{col 43}{space 1}  -12.80{col 52}{space 3}0.000{col 60}{space 4}-.8038893{col 73}{space 3}-.5820596
{txt}{space 11}Zambia  {c |}{col 20}{res}{space 2} -.517536{col 32}{space 2} .0641305{col 43}{space 1}   -8.07{col 52}{space 3}0.000{col 60}{space 4}-.6489013{col 73}{space 3}-.3861707
{txt}{space 9}Zimbabwe  {c |}{col 20}{res}{space 2} .2725498{col 32}{space 2} .2564498{col 43}{space 1}    1.06{col 52}{space 3}0.297{col 60}{space 4}-.2527637{col 73}{space 3} .7978633
{txt}{space 18} {c |}
{space 14}year {c |}
{space 13}1991  {c |}{col 20}{res}{space 2} .0048508{col 32}{space 2} .0169254{col 43}{space 1}    0.29{col 52}{space 3}0.777{col 60}{space 4}-.0298193{col 73}{space 3} .0395209
{txt}{space 13}1992  {c |}{col 20}{res}{space 2} -.013156{col 32}{space 2} .0315466{col 43}{space 1}   -0.42{col 52}{space 3}0.680{col 60}{space 4}-.0777763{col 73}{space 3} .0514644
{txt}{space 13}1993  {c |}{col 20}{res}{space 2} .0174832{col 32}{space 2} .0225259{col 43}{space 1}    0.78{col 52}{space 3}0.444{col 60}{space 4}-.0286589{col 73}{space 3} .0636253
{txt}{space 13}1994  {c |}{col 20}{res}{space 2} .1413153{col 32}{space 2} .0936405{col 43}{space 1}    1.51{col 52}{space 3}0.142{col 60}{space 4}-.0504986{col 73}{space 3} .3331293
{txt}{space 13}1995  {c |}{col 20}{res}{space 2} .2032439{col 32}{space 2} .1062175{col 43}{space 1}    1.91{col 52}{space 3}0.066{col 60}{space 4}-.0143327{col 73}{space 3} .4208206
{txt}{space 13}1996  {c |}{col 20}{res}{space 2}  .299816{col 32}{space 2}  .155256{col 43}{space 1}    1.93{col 52}{space 3}0.064{col 60}{space 4}-.0182116{col 73}{space 3} .6178435
{txt}{space 13}1997  {c |}{col 20}{res}{space 2} .3718722{col 32}{space 2} .2357542{col 43}{space 1}    1.58{col 52}{space 3}0.126{col 60}{space 4}-.1110484{col 73}{space 3} .8547928
{txt}{space 13}1998  {c |}{col 20}{res}{space 2} .3381532{col 32}{space 2} .1869344{col 43}{space 1}    1.81{col 52}{space 3}0.081{col 60}{space 4}-.0447645{col 73}{space 3}  .721071
{txt}{space 13}1999  {c |}{col 20}{res}{space 2} .3299378{col 32}{space 2} .1887707{col 43}{space 1}    1.75{col 52}{space 3}0.091{col 60}{space 4}-.0567416{col 73}{space 3} .7166171
{txt}{space 13}2000  {c |}{col 20}{res}{space 2} .3400637{col 32}{space 2} .1915814{col 43}{space 1}    1.78{col 52}{space 3}0.087{col 60}{space 4}-.0523731{col 73}{space 3} .7325004
{txt}{space 13}2001  {c |}{col 20}{res}{space 2} .4000818{col 32}{space 2} .2384738{col 43}{space 1}    1.68{col 52}{space 3}0.105{col 60}{space 4}-.0884095{col 73}{space 3} .8885731
{txt}{space 13}2002  {c |}{col 20}{res}{space 2}  .301265{col 32}{space 2} .1909293{col 43}{space 1}    1.58{col 52}{space 3}0.126{col 60}{space 4}-.0898359{col 73}{space 3} .6923658
{txt}{space 13}2003  {c |}{col 20}{res}{space 2} .3704308{col 32}{space 2} .2127784{col 43}{space 1}    1.74{col 52}{space 3}0.093{col 60}{space 4} -.065426{col 73}{space 3} .8062876
{txt}{space 13}2004  {c |}{col 20}{res}{space 2}  .553462{col 32}{space 2} .3612317{col 43}{space 1}    1.53{col 52}{space 3}0.137{col 60}{space 4}-.1864876{col 73}{space 3} 1.293412
{txt}{space 13}2005  {c |}{col 20}{res}{space 2} .5220049{col 32}{space 2} .3394764{col 43}{space 1}    1.54{col 52}{space 3}0.135{col 60}{space 4} -.173381{col 73}{space 3} 1.217391
{txt}{space 13}2006  {c |}{col 20}{res}{space 2} .5133733{col 32}{space 2} .3147446{col 43}{space 1}    1.63{col 52}{space 3}0.114{col 60}{space 4}-.1313518{col 73}{space 3} 1.158098
{txt}{space 13}2007  {c |}{col 20}{res}{space 2}  .476435{col 32}{space 2} .2927379{col 43}{space 1}    1.63{col 52}{space 3}0.115{col 60}{space 4}-.1232113{col 73}{space 3} 1.076081
{txt}{space 13}2008  {c |}{col 20}{res}{space 2} .4819395{col 32}{space 2} .2843086{col 43}{space 1}    1.70{col 52}{space 3}0.101{col 60}{space 4}-.1004402{col 73}{space 3} 1.064319
{txt}{space 13}2009  {c |}{col 20}{res}{space 2} .4055734{col 32}{space 2} .2357098{col 43}{space 1}    1.72{col 52}{space 3}0.096{col 60}{space 4}-.0772562{col 73}{space 3}  .888403
{txt}{space 13}2010  {c |}{col 20}{res}{space 2} .5056067{col 32}{space 2} .2637928{col 43}{space 1}    1.92{col 52}{space 3}0.066{col 60}{space 4}-.0347484{col 73}{space 3} 1.045962
{txt}{space 13}2011  {c |}{col 20}{res}{space 2} .4870331{col 32}{space 2} .2751337{col 43}{space 1}    1.77{col 52}{space 3}0.088{col 60}{space 4}-.0765527{col 73}{space 3} 1.050619
{txt}{space 13}2012  {c |}{col 20}{res}{space 2} .5015041{col 32}{space 2} .2804676{col 43}{space 1}    1.79{col 52}{space 3}0.085{col 60}{space 4}-.0730078{col 73}{space 3} 1.076016
{txt}{space 13}2013  {c |}{col 20}{res}{space 2} .5209601{col 32}{space 2}  .301583{col 43}{space 1}    1.73{col 52}{space 3}0.095{col 60}{space 4}-.0968047{col 73}{space 3} 1.138725
{txt}{space 13}2014  {c |}{col 20}{res}{space 2} .5515044{col 32}{space 2} .2815402{col 43}{space 1}    1.96{col 52}{space 3}0.060{col 60}{space 4}-.0252046{col 73}{space 3} 1.128213
{txt}{space 13}2015  {c |}{col 20}{res}{space 2} .4744025{col 32}{space 2} .2493151{col 43}{space 1}    1.90{col 52}{space 3}0.067{col 60}{space 4}-.0362964{col 73}{space 3} .9851014
{txt}{space 13}2016  {c |}{col 20}{res}{space 2}   .52081{col 32}{space 2} .2720592{col 43}{space 1}    1.91{col 52}{space 3}0.066{col 60}{space 4} -.036478{col 73}{space 3} 1.078098
{txt}{space 13}2017  {c |}{col 20}{res}{space 2} .5196215{col 32}{space 2} .2877299{col 43}{space 1}    1.81{col 52}{space 3}0.082{col 60}{space 4}-.0697664{col 73}{space 3} 1.109009
{txt}{space 13}2018  {c |}{col 20}{res}{space 2} .4636576{col 32}{space 2} .2550689{col 43}{space 1}    1.82{col 52}{space 3}0.080{col 60}{space 4}-.0588274{col 73}{space 3} .9861426
{txt}{space 13}2019  {c |}{col 20}{res}{space 2} .4704899{col 32}{space 2}  .227644{col 43}{space 1}    2.07{col 52}{space 3}0.048{col 60}{space 4} .0041823{col 73}{space 3} .9367975
{txt}{space 13}2020  {c |}{col 20}{res}{space 2} .3766282{col 32}{space 2} .2308928{col 43}{space 1}    1.63{col 52}{space 3}0.114{col 60}{space 4}-.0963343{col 73}{space 3} .8495907
{txt}{space 13}2021  {c |}{col 20}{res}{space 2}  .482054{col 32}{space 2} .2598247{col 43}{space 1}    1.86{col 52}{space 3}0.074{col 60}{space 4}-.0501728{col 73}{space 3} 1.014281
{txt}{space 18} {c |}
{space 15}DiD {c |}{col 20}{res}{space 2}-1.232186{col 32}{space 2} .1180877{col 43}{space 1}  -10.43{col 52}{space 3}0.000{col 60}{space 4}-1.474078{col 73}{space 3}-.9902948
{txt}{space 8}gdp_growth {c |}{col 20}{res}{space 2}-.0100136{col 32}{space 2} .0028304{col 43}{space 1}   -3.54{col 52}{space 3}0.001{col 60}{space 4}-.0158114{col 73}{space 3}-.0042158
{txt}{space 8}pop_growth {c |}{col 20}{res}{space 2} .0735726{col 32}{space 2} .1354462{col 43}{space 1}    0.54{col 52}{space 3}0.591{col 60}{space 4}-.2038763{col 73}{space 3} .3510216
{txt}{space 13}_cons {c |}{col 20}{res}{space 2} .2362072{col 32}{space 2} .6319853{col 43}{space 1}    0.37{col 52}{space 3}0.711{col 60}{space 4}-1.058356{col 73}{space 3}  1.53077
{txt}{hline 19}{c BT}{hline 11}{hline 11}{hline 9}{hline 8}{hline 13}{hline 12}
{res}
{com}. 
. 
. 